// Jest Snapshot v1, https://goo.gl/fbAQLP

exports[`<TextInput /> should match snapshot 1`] = `
<div>
  <input
    class="input"
    id="find-users"
    name="find-users"
    placeholder="Type your search"
    type="search"
    value=""
  />
</div>
`;
